// Jest Snapshot v1, https://goo.gl/fbAQLP

exports[`Participant Component renders the UI as expected 1`] = `
<div
  className="participant"
>
  <div>
    <img />
    <h2 />
    <p />
  </div>
</div>
`;
