// Jest Snapshot v1, https://goo.gl/fbAQLP

exports[`ParticipantLog Component renders the UI as expected 1`] = `
<div>
  <div
    className="participant"
  >
    <div>
      <img
        src="https://robohash.org/itaquevoluptatumrerum.jpg?size=200x200&set=set1"
      />
      <h2>
        Koren Templeton
      </h2>
      <p>
        on stage
      </p>
    </div>
  </div>
  <div
    className="participant"
  >
    <div>
      <img
        src="https://robohash.org/iustodoloremqueinventore.jpg?size=200x200&set=set1"
      />
      <h2>
        Ashla Attwool
      </h2>
      <p>
        on stage
      </p>
    </div>
  </div>
  <div
    className="participant"
  >
    <div>
      <img
        src="https://robohash.org/doloredolorescupiditate.jpg?size=200x200&set=set1"
      />
      <h2>
        Caty Flucker
      </h2>
      <p />
    </div>
  </div>
  <div
    className="participant"
  >
    <div>
      <img
        src="https://robohash.org/utlaborumfugit.jpg?size=200x200&set=set1"
      />
      <h2>
        Axe Kubicka
      </h2>
      <p />
    </div>
  </div>
  <div
    className="participant"
  >
    <div>
      <img
        src="https://robohash.org/etexercitationemassumenda.jpg?size=200x200&set=set1"
      />
      <h2>
        Frank Runciman
      </h2>
      <p />
    </div>
  </div>
</div>
`;
