// Jest Snapshot v1, https://goo.gl/fbAQLP

exports[`ChatLog Component renders the UI as expected 1`] = `
<div
  className="messages-list"
>
  <div
    className="chat-message"
  >
    <img
      className="chat-avatar"
      src="https://robohash.org/utlaborumfugit.jpg?size=200x200&set=set1"
    />
    <p>
      Axe Kubicka
    </p>
    <p>
      7:48
    </p>
    <p>
      Hello world
    </p>
  </div>
  <div>
    <p>
      Caty Flucker
       gave a 
      thumbs-up
    </p>
  </div>
  <div>
    <p>
      Frank Runciman
       gave a 
      thumbs-down
    </p>
  </div>
  <div>
    <p>
      Koren Templeton
       raised their hand
    </p>
  </div>
  <div>
    <p>
      Koren Templeton
       clapped
    </p>
  </div>
  <div>
    <p>
      Koren Templeton
       joined the stage
    </p>
  </div>
  <div>
    <p>
      Ashla Attwool
       left the stage
    </p>
  </div>
  <div>
    <p>
      Axe Kubicka
       joined the stage
    </p>
  </div>
  <div>
    <p>
      Axe Kubicka
       left the stage
    </p>
  </div>
</div>
`;
